# JMH version: 1.37
# VM version: JDK 21.0.12.1, OpenJDK 64-Bit Server VM, 21.0.12.1+1-LTS
# VM invoker: /opt/java/openjdk/bin/java
# VM options: -Xms1g -Xmx1g
# Blackhole mode: compiler (auto-detected, use -Djmh.blackhole.autoDetect=false to disable)
# Warmup: 5 iterations, 1 s each
# Measurement: 10 iterations, 1 s each
# Timeout: 10 min per iteration
# Threads: 1 thread, will synchronize iterations
# Benchmark mode: Average time, time/op
# Benchmark: e6.ListInsertBenchmark.linkedList_iteratorAddRemove
# Parameters: (size = 100000)

# Run progress: 0.00% complete, ETA 00:00:45
# Fork: 1 of 3
# Warmup Iteration   1: 16.619 ns/op
# Warmup Iteration   2: 16.175 ns/op
# Warmup Iteration   3: 15.522 ns/op
# Warmup Iteration   4: 14.997 ns/op
# Warmup Iteration   5: 15.025 ns/op
Iteration   1: 14.602 ns/op
Iteration   2: 14.623 ns/op
Iteration   3: 13.928 ns/op
Iteration   4: 12.246 ns/op
Iteration   5: 11.160 ns/op
Iteration   6: 12.143 ns/op
Iteration   7: 12.175 ns/op
Iteration   8: 11.320 ns/op
Iteration   9: 11.175 ns/op
Iteration  10: 11.267 ns/op

# Run progress: 33.33% complete, ETA 00:00:53
# Fork: 2 of 3
# Warmup Iteration   1: 15.298 ns/op
# Warmup Iteration   2: 13.822 ns/op
# Warmup Iteration   3: 11.281 ns/op
# Warmup Iteration   4: 11.184 ns/op
# Warmup Iteration   5: 11.221 ns/op
Iteration   1: 11.330 ns/op
Iteration   2: 11.342 ns/op
Iteration   3: 11.588 ns/op
Iteration   4: 11.405 ns/op
Iteration   5: 11.225 ns/op
Iteration   6: 11.231 ns/op
Iteration   7: 11.490 ns/op
Iteration   8: 11.263 ns/op
Iteration   9: 11.196 ns/op
Iteration  10: 11.447 ns/op

# Run progress: 66.67% complete, ETA 00:00:25
# Fork: 3 of 3
# Warmup Iteration   1: 14.565 ns/op
# Warmup Iteration   2: 12.441 ns/op
# Warmup Iteration   3: 11.377 ns/op
# Warmup Iteration   4: 11.096 ns/op
# Warmup Iteration   5: 11.062 ns/op
Iteration   1: 11.017 ns/op
Iteration   2: 11.111 ns/op
Iteration   3: 11.215 ns/op
Iteration   4: 11.450 ns/op
Iteration   5: 11.976 ns/op
Iteration   6: 11.551 ns/op
Iteration   7: 11.356 ns/op
Iteration   8: 11.548 ns/op
Iteration   9: 11.142 ns/op
Iteration  10: 11.057 ns/op


Result "e6.ListInsertBenchmark.linkedList_iteratorAddRemove":
  11.719 ±(99.9%) 0.644 ns/op [Average]
  (min, avg, max) = (11.017, 11.719, 14.623), stdev = 0.964
  CI (99.9%): [11.075, 12.364] (assumes normal distribution)


# Run complete. Total time: 00:01:15

REMEMBER: The numbers below are just data. To gain reusable insights, you need to follow up on
why the numbers are the way they are. Use profilers (see -prof, -lprof), design factorial
experiments, perform baseline and negative tests that provide experimental control, make sure
the benchmarking environment is safe on JVM/OS/HW level, ask for reviews from the domain experts.
Do not assume the numbers tell you what you want them to tell.

NOTE: Current JVM experimentally supports Compiler Blackholes, and they are in use. Please exercise
extra caution when trusting the results, look into the generated code to check the benchmark still
works, and factor in a small probability of new VM bugs. Additionally, while comparisons between
different JVMs are already problematic, the performance difference caused by different Blackhole
modes can be very significant. Please make sure you use the consistent Blackhole mode for comparisons.

Benchmark                                         (size)  Mode  Cnt   Score   Error  Units
ListInsertBenchmark.linkedList_iteratorAddRemove  100000  avgt   30  11.719 ± 0.644  ns/op
